main.c:132:5:main	48	static
main.c:228:6:SystemClock_Config	216	static
main.c:312:13:MX_ADC3_Init	24	static
main.c:362:13:MX_CRC_Init	8	static
main.c:393:13:MX_DCMI_Init	8	static
main.c:430:13:MX_DMA2D_Init	8	static
main.c:467:13:MX_ETH_Init	8	static
main.c:509:13:MX_I2C1_Init	8	static
main.c:555:13:MX_I2C3_Init	8	static
main.c:601:13:MX_LTDC_Init	112	static
main.c:682:13:MX_QUADSPI_Init	8	static
main.c:717:13:MX_RTC_Init	8	static
main.c:751:13:MX_SAI2_Init	8	static
main.c:826:13:MX_SDMMC1_SD_Init	4	static
main.c:854:13:MX_SPDIFRX_Init	8	static
main.c:890:13:MX_SPI2_Init	8	static
main.c:930:13:MX_TIM1_Init	112	static
main.c:1010:13:MX_TIM2_Init	64	static
main.c:1069:13:MX_TIM3_Init	64	static
main.c:1128:13:MX_TIM5_Init	64	static
main.c:1187:13:MX_TIM8_Init	40	static
main.c:1234:13:MX_TIM12_Init	40	static
main.c:1276:13:MX_USART1_UART_Init	8	static
main.c:1311:13:MX_USART6_UART_Init	8	static
main.c:1342:13:MX_FMC_Init	40	static
main.c:1393:13:MX_GPIO_Init	72	static
main.c:1562:6:StartDefaultTask	48	static
main.c:1608:6:HAL_TIM_PeriodElapsedCallback	16	static
main.c:1625:6:Error_Handler	4	static
